[14:05:16] [main/INFO]: Loading Minecraft 26.1 with Fabric Loader 0.18.5
[14:05:16] [main/INFO]: Mappings not present!
[14:05:16] [main/INFO]: Loading 4 mods:
	- fabricloader 0.18.5
	   \-- mixinextras 0.5.3
	- java 25
	- minecraft 26.1
[14:05:16] [main/INFO]: SpongePowered MIXIN Subsystem Version=0.8.7 Source=file:/workspaces/minecraft-server-test/libraries/net/fabricmc/sponge-mixin/0.17.0+mixin.0.8.7/sponge-mixin-0.17.0+mixin.0.8.7.jar Service=Knot/Fabric Env=SERVER
[14:05:25] [main/INFO]: Environment: Environment[sessionHost=https://sessionserver.mojang.com, servicesHost=https://api.minecraftservices.com, profilesHost=https://api.mojang.com, name=PROD]
[14:05:27] [Worker-Main-1/INFO]: No existing world data, creating new world
[14:05:29] [main/INFO]: Loaded 1515 recipes
[14:05:29] [main/INFO]: Loaded 1617 advancements
[14:05:29] [Server thread/INFO]: Starting minecraft server version 26.1
[14:05:29] [Server thread/INFO]: Loading properties
[14:05:29] [Server thread/INFO]: Default game type: SURVIVAL
[14:05:29] [Server thread/INFO]: Generating keypair
[14:05:30] [Server thread/INFO]: Starting Minecraft server on *:25565
[14:05:30] [Server thread/INFO]: Preparing level "world"
[14:05:30] [Server thread/INFO]: Selecting global world spawn...
[14:05:43] [Server thread/INFO]: Loading 0 persistent chunks...
[14:05:43] [Server thread/INFO]: Preparing spawn area: 100%
[14:05:43] [Server thread/INFO]: Time elapsed: 12356 ms
[14:05:43] [Server thread/INFO]: Done (12.933s)! For help, type "help"
[14:05:43] [Server thread/INFO]: Saving chunks for level 'ServerLevel[world]'/minecraft:overworld
[14:05:43] [Server thread/INFO]: Saving chunks for level 'ServerLevel[world]'/minecraft:the_end
[14:05:43] [Server thread/INFO]: Saving chunks for level 'ServerLevel[world]'/minecraft:the_nether
[14:05:43] [Server thread/INFO]: ThreadedAnvilChunkStorage (world): All chunks are saved
[14:05:43] [Server thread/INFO]: ThreadedAnvilChunkStorage (DIM1): All chunks are saved
[14:05:43] [Server thread/INFO]: ThreadedAnvilChunkStorage (DIM-1): All chunks are saved
[14:05:43] [Server thread/INFO]: ThreadedAnvilChunkStorage: All dimensions are saved
[14:06:02] [Server thread/INFO]: Stopping the server
[14:06:02] [Server thread/INFO]: Stopping server
[14:06:02] [Server thread/INFO]: Saving players
[14:06:02] [Server thread/INFO]: Saving worlds
[14:06:02] [Server thread/INFO]: Saving chunks for level 'ServerLevel[world]'/minecraft:overworld
[14:06:02] [Server thread/INFO]: Saving chunks for level 'ServerLevel[world]'/minecraft:the_end
[14:06:02] [Server thread/INFO]: Saving chunks for level 'ServerLevel[world]'/minecraft:the_nether
[14:06:02] [Server thread/INFO]: ThreadedAnvilChunkStorage (world): All chunks are saved
[14:06:02] [Server thread/INFO]: ThreadedAnvilChunkStorage (DIM1): All chunks are saved
[14:06:02] [Server thread/INFO]: ThreadedAnvilChunkStorage (DIM-1): All chunks are saved
[14:06:02] [Server thread/INFO]: ThreadedAnvilChunkStorage: All dimensions are saved
